// Jest Snapshot v1, https://goo.gl/fbAQLP

exports[`Migration 20201024173398-init Up should apply migration 1`] = `
{
  "commitlint": {
    "extends": [
      "@commitlint/config-conventional",
    ],
  },
  "eslintConfig": {
    "env": {
      "es2021": true,
    },
    "extends": [
      "eslint:recommended",
      "plugin:@typescript-eslint/recommended",
      "plugin:jest/recommended",
      "prettier",
    ],
    "parser": "@typescript-eslint/parser",
    "parserOptions": {
      "ecmaFeatures": {
        "jsx": true,
      },
      "ecmaVersion": 12,
      "sourceType": "module",
    },
    "plugins": [
      "@typescript-eslint",
      "jest",
    ],
    "root": true,
    "settings": {
      "jest": {
        "version": "detect",
      },
    },
  },
  "importSort": {
    ".js, .jsx, .ts, .tsx": {
      "parser": "typescript",
      "style": "module",
    },
  },
  "jest": {
    "collectCoverageFrom": [
      "**/src/**/*.[jt]s?(x)",
    ],
    "preset": "ts-jest",
    "testEnvironment": "node",
    "testMatch": [
      "**/__tests__/**/*.[jt]s?(x)",
      "**/?(*.)+(spec|test)?(.*).+(ts|tsx|js)",
    ],
  },
  "license": "MIT",
  "lint-staged": {
    "*.{js,ts,tsx}": [
      "eslint --fix",
    ],
  },
  "prettier": {
    "printWidth": 100,
    "semi": true,
    "trailingComma": "es5",
  },
  "scripts": {
    "build": "tsc --noEmit",
    "format": "prettier --write '**/*.js'",
    "jest": "jest --detectOpenHandles --forceExit",
    "lint": "eslint "src/**/*.{ts,tsx}"",
    "prepare": "ts-dev-tools install",
    "test": "npm run jest --maxWorkers=50%",
    "test:ci": "npm run test:cov --runInBand",
    "test:cov": "npm run test --coverage",
    "test:watch": "npm run jest --watch --maxWorkers=25%",
  },
  "version": "1.0.0",
}
`;
