// Jest Snapshot v1, https://goo.gl/fbAQLP

exports[`Migration 20220617100200-prettier-cache Up should apply migration 1`] = `
{
  "license": "MIT",
  "scripts": {
    "format": "prettier --cache --write '**/*.ts'",
  },
  "version": "1.0.0",
}
`;
