// Jest Snapshot v1, https://jestjs.io/docs/snapshot-testing

exports[`Migration 20240412185500-eslint-config Up should apply migration 1`] = `
{
  "license": "MIT",
  "version": "1.0.0",
}
`;

exports[`Migration 20240412185500-eslint-config Up should apply migration 2`] = `
"import { default as tsDevToolsCore } from "@ts-dev-tools/core/dist/eslint-plugin-ts-dev-tools/index.js";

export default tsDevToolsCore.default;
"
`;
