// Jest Snapshot v1, https://goo.gl/fbAQLP

exports[`E2E - react Monorepo project Installs react package 1`] = `
"[2K[1G[2m$ /tmp/test-react/monorepo-project/node_modules/.bin/ts-dev-tools install[22m
Installing ts-dev-tools...
Applying migration "core - 20201024173398-init"...
Migration "core - 20201024173398-init" applied!
Applying migration "react - 20201111162698-init"...
Migration "react - 20201111162698-init" applied!
Applying migration "core - 20220617100200-prettier-cache"...
Migration "core - 20220617100200-prettier-cache" applied!
Applying migration "core - 20240329200200-eslint-ignore"...
Migration "core - 20240329200200-eslint-ignore" applied!
Applying migration "core - 20240412185500-eslint-config"...
Migration "core - 20240412185500-eslint-config" applied!
Applying migration "react - 20240412185501-eslint-config"...
Migration "react - 20240412185501-eslint-config" applied!
Applying migration "core - 20240617094000-config-nx-scopes"...
[2K[1G[2m[1/4][22m Resolving packages...
[2K[1G[2m[2/4][22m Fetching packages...
[2K[1G[2m[3/4][22m Linking dependencies...
[2K[1G[2m[4/4][22m Building fresh packages...
[2K[1G[32msuccess[39m Saved lockfile.
[2K[1G[32msuccess[39m Saved 2 new dependencies.
[2K[1G[34minfo[39m Direct dependencies
â”œâ”€ @commitlint/config-nx-scopes@19.3.1
â””â”€ @ts-dev-tools/react@1.7.0
[2K[1G[34minfo[39m All dependencies
â”œâ”€ @commitlint/config-nx-scopes@19.3.1
â””â”€ @ts-dev-tools/react@1.7.0
[2K[1G[2m$ ts-dev-tools install[22m
Updating ts-dev-tools installation...
Applying migration "core - 20240617094000-config-nx-scopes"...
Migration "core - 20240617094000-config-nx-scopes" applied!
Symlinking dev dependencies...
Symlinking dev dependencies done!
Checking for duplicate dev dependencies...
Some dev dependencies are unnecessarily installed as their are already required by "@ts-dev-tools/core":
  - typescript

Check for duplicate dev dependencies done!
Installation done!
Migration "core - 20240617094000-config-nx-scopes" applied!
Symlinking dev dependencies...
Symlinking dev dependencies done!
Checking for duplicate dev dependencies...
Some dev dependencies are unnecessarily installed as their are already required by "@ts-dev-tools/core":
  - typescript

Check for duplicate dev dependencies done!
Installation done!"
`;

exports[`E2E - react Simple project Installs react package 1`] = `
"[2K[1G[2m$ /tmp/test-react/simple-project/node_modules/.bin/ts-dev-tools install[22m
Installing ts-dev-tools...
Applying migration "core - 20201024173398-init"...
Migration "core - 20201024173398-init" applied!
Applying migration "react - 20201111162698-init"...
Migration "react - 20201111162698-init" applied!
Applying migration "core - 20220617100200-prettier-cache"...
Migration "core - 20220617100200-prettier-cache" applied!
Applying migration "core - 20240329200200-eslint-ignore"...
Migration "core - 20240329200200-eslint-ignore" applied!
Applying migration "core - 20240412185500-eslint-config"...
Migration "core - 20240412185500-eslint-config" applied!
Applying migration "react - 20240412185501-eslint-config"...
Migration "react - 20240412185501-eslint-config" applied!
Applying migration "core - 20240617094000-config-nx-scopes"...
Migration "core - 20240617094000-config-nx-scopes" applied!
Symlinking dev dependencies...
- Symlinking ts-jest
Symlinking dev dependencies done!
Checking for duplicate dev dependencies...
Check for duplicate dev dependencies done!
Installation done!"
`;

exports[`E2E - react Simple project Installs react package 2`] = `
{
  "build": "tsc --noEmit",
  "eject": "react-scripts eject",
  "format": "prettier --cache --write '**/*.ts'",
  "jest": "jest --detectOpenHandles --forceExit",
  "lint": "eslint "src/**/*.{ts,tsx}"",
  "prepare": "ts-dev-tools install",
  "start": "react-scripts start",
  "test": "yarn run jest --maxWorkers=50%",
  "test:ci": "yarn run test:cov --runInBand",
  "test:cov": "yarn run test --coverage",
  "test:watch": "yarn run jest --watch --maxWorkers=25%",
}
`;
