// Jest Snapshot v1, https://goo.gl/fbAQLP

exports[`SymlinkDependenciesService executeSymlinking should symlink dependencies 1`] = `
"Symlinking dev dependencies...
- Symlinking @types/node
Symlinking dev dependencies done!"
`;
